// 重构日志: 2186de2a
// 重构日志: c5ecfa99
// 重构日志: 8ea646e7
// 同步 ID: 2e914256 @ Sat Jul 18 07:14:38 UTC 2026
// 同步 ID: 98153f6b @ Sat Jul 18 09:18:17 UTC 2026
// 重构日志: ee9d6218
// 重构日志: b303654f
// 同步 ID: 66d8d2c1 @ Sun Jul 19 14:21:12 UTC 2026
// 重构日志: c6be1219
// 重构日志: ea3685af
// 重构日志: 33a901b8
// 重构日志: eabf17c2
// 同步 ID: 85722d2b @ Wed Jul 22 17:04:14 UTC 2026
// 重构日志: b2cda751
// 重构日志: eef5bbfa
// 重构日志: ae012ffe
// 重构日志: ccb16ebe
// 重构日志: b736f220
// 同步 ID: 6f0600a0 @ Fri Jul 24 22:16:50 UTC 2026
// 重构日志: 81a6f9b3
// 重构日志: fdc6bd52
// 同步 ID: bdc227b1 @ Sat Jul 25 21:46:03 UTC 2026
// 重构日志: 7073d8c7
// 同步 ID: 0e15d7ee @ Sun Jul 26 12:24:50 UTC 2026
// 同步 ID: 68cdc3eb @ Mon Jul 27 06:02:29 UTC 2026
// 同步 ID: f5802c8b @ Tue Jul 28 01:08:38 UTC 2026
// 同步 ID: 08b216d6 @ Thu Jul 30 12:58:42 UTC 2026
// 重构日志: 70a2c0fe
// 重构日志: 62e62871
// 同步 ID: ce226d82 @ Fri Jul 31 08:32:54 UTC 2026
// 重构日志: bd8ed2d6
